nohup: ignoring input
03:58:15.330 [main] DEBUG io.vertx.core.logging.LoggerFactory -- Using io.vertx.core.logging.SLF4JLogDelegateFactory
03:58:15.469 [main] DEBUG io.netty.util.internal.logging.InternalLoggerFactory -- Using SLF4J as the default logging framework
03:58:15.471 [main] DEBUG io.netty.util.internal.PlatformDependent0 -- -Dio.netty.noUnsafe: false
03:58:15.472 [main] DEBUG io.netty.util.internal.PlatformDependent0 -- Java version: 25
03:58:15.474 [main] DEBUG io.netty.util.internal.PlatformDependent0 -- sun.misc.Unsafe.theUnsafe: available
03:58:15.474 [main] DEBUG io.netty.util.internal.PlatformDependent0 -- sun.misc.Unsafe.copyMemory: available
03:58:15.475 [main] DEBUG io.netty.util.internal.PlatformDependent0 -- sun.misc.Unsafe.storeFence: available
WARNING: A terminally deprecated method in sun.misc.Unsafe has been called
WARNING: sun.misc.Unsafe::objectFieldOffset has been called by io.netty.util.internal.PlatformDependent0$4 (file:/workspaces/codespaces-blank/target/daemon-monitor-1.0.0.jar)
WARNING: Please consider reporting this to the maintainers of class io.netty.util.internal.PlatformDependent0$4
WARNING: sun.misc.Unsafe::objectFieldOffset will be removed in a future release
03:58:15.482 [main] DEBUG io.netty.util.internal.PlatformDependent0 -- java.nio.Buffer.address: available
03:58:15.483 [main] DEBUG io.netty.util.internal.PlatformDependent0 -- direct buffer constructor: unavailable: Reflective setAccessible(true) disabled
03:58:15.483 [main] DEBUG io.netty.util.internal.PlatformDependent0 -- java.nio.Bits.unaligned: available, true
03:58:15.484 [main] DEBUG io.netty.util.internal.PlatformDependent0 -- jdk.internal.misc.Unsafe.allocateUninitializedArray(int): unavailable: class io.netty.util.internal.PlatformDependent0$7 cannot access class jdk.internal.misc.Unsafe (in module java.base) because module java.base does not export jdk.internal.misc to unnamed module @10bdf5e5
03:58:15.485 [main] DEBUG io.netty.util.internal.PlatformDependent0 -- java.nio.DirectByteBuffer.<init>(long, {int,long}): unavailable
03:58:15.487 [main] DEBUG io.netty.util.internal.PlatformDependent -- sun.misc.Unsafe: available
03:58:15.487 [main] DEBUG io.netty.util.internal.PlatformDependent -- -Dio.netty.tmpdir: /tmp (java.io.tmpdir)
03:58:15.488 [main] DEBUG io.netty.util.internal.PlatformDependent -- -Dio.netty.bitMode: 64 (sun.arch.data.model)
03:58:15.491 [main] DEBUG io.netty.util.internal.PlatformDependent -- -Dio.netty.maxDirectMemory: -1 bytes
03:58:15.491 [main] DEBUG io.netty.util.internal.PlatformDependent -- -Dio.netty.uninitializedArrayAllocationThreshold: -1
03:58:15.528 [main] DEBUG io.netty.util.internal.CleanerJava9 -- java.nio.ByteBuffer.cleaner(): available
03:58:15.528 [main] DEBUG io.netty.util.internal.PlatformDependent -- -Dio.netty.noPreferDirect: false
03:58:15.563 [main] DEBUG io.netty.util.ResourceLeakDetector -- -Dio.netty.leakDetection.level: simple
03:58:15.563 [main] DEBUG io.netty.util.ResourceLeakDetector -- -Dio.netty.leakDetection.targetRecords: 4
03:58:15.594 [main] DEBUG io.netty.channel.MultithreadEventLoopGroup -- -Dio.netty.eventLoopThreads: 4
03:58:15.603 [main] DEBUG io.netty.util.concurrent.GlobalEventExecutor -- -Dio.netty.globalEventExecutor.quietPeriodSeconds: 1
03:58:15.609 [main] DEBUG io.netty.util.internal.InternalThreadLocalMap -- -Dio.netty.threadLocalMap.stringBuilder.initialSize: 1024
03:58:15.609 [main] DEBUG io.netty.util.internal.InternalThreadLocalMap -- -Dio.netty.threadLocalMap.stringBuilder.maxSize: 4096
03:58:15.614 [main] DEBUG io.netty.channel.nio.NioEventLoop -- -Dio.netty.noKeySetOptimization: false
03:58:15.614 [main] DEBUG io.netty.channel.nio.NioEventLoop -- -Dio.netty.selectorAutoRebuildThreshold: 512
03:58:15.620 [main] DEBUG io.netty.util.internal.PlatformDependent -- org.jctools-core.MpscChunkedArrayQueue: available
03:58:15.641 [main] DEBUG io.netty.resolver.dns.DefaultDnsServerAddressStreamProvider -- Default DNS servers: [/127.0.0.53:53, /168.63.129.16:53] (sun.net.dns.ResolverConfiguration)
03:58:15.654 [main] DEBUG io.netty.util.NetUtil -- -Djava.net.preferIPv4Stack: false
03:58:15.654 [main] DEBUG io.netty.util.NetUtil -- -Djava.net.preferIPv6Addresses: false
03:58:15.656 [main] DEBUG io.netty.util.NetUtilInitializations -- Loopback interface: lo (lo, 0:0:0:0:0:0:0:1%lo)
03:58:15.656 [main] DEBUG io.netty.util.NetUtil -- /proc/sys/net/core/somaxconn: 4096
03:58:15.657 [main] DEBUG io.netty.resolver.dns.DnsNameResolver -- Default ResolvedAddressTypes: IPV4_ONLY
03:58:15.658 [main] DEBUG io.netty.resolver.dns.DnsNameResolver -- Localhost address: localhost/127.0.0.1
03:58:15.658 [main] DEBUG io.netty.resolver.dns.DnsNameResolver -- Windows hostname: null
03:58:15.660 [main] DEBUG io.netty.resolver.dns.DnsNameResolver -- Default search domains: [m2fxbej512jepnsor2itp05j3d.ix.internal.cloudapp.net]
03:58:15.661 [main] DEBUG io.netty.resolver.dns.DnsNameResolver -- Default UnixResolverOptions{ndots=1, timeout=1, attempts=5}
03:58:15.667 [main] DEBUG io.netty.resolver.DefaultHostsFileEntriesResolver -- -Dio.netty.hostsFileRefreshInterval: 0
03:58:15.761 [vert.x-eventloop-thread-0] DEBUG io.netty.buffer.PooledByteBufAllocator -- -Dio.netty.allocator.numHeapArenas: 4
03:58:15.762 [vert.x-eventloop-thread-0] DEBUG io.netty.buffer.PooledByteBufAllocator -- -Dio.netty.allocator.numDirectArenas: 4
03:58:15.762 [vert.x-eventloop-thread-0] DEBUG io.netty.buffer.PooledByteBufAllocator -- -Dio.netty.allocator.pageSize: 8192
03:58:15.762 [vert.x-eventloop-thread-0] DEBUG io.netty.buffer.PooledByteBufAllocator -- -Dio.netty.allocator.maxOrder: 9
03:58:15.762 [vert.x-eventloop-thread-0] DEBUG io.netty.buffer.PooledByteBufAllocator -- -Dio.netty.allocator.chunkSize: 4194304
03:58:15.762 [vert.x-eventloop-thread-0] DEBUG io.netty.buffer.PooledByteBufAllocator -- -Dio.netty.allocator.smallCacheSize: 256
03:58:15.763 [vert.x-eventloop-thread-0] DEBUG io.netty.buffer.PooledByteBufAllocator -- -Dio.netty.allocator.normalCacheSize: 64
03:58:15.763 [vert.x-eventloop-thread-0] DEBUG io.netty.buffer.PooledByteBufAllocator -- -Dio.netty.allocator.maxCachedBufferCapacity: 32768
03:58:15.763 [vert.x-eventloop-thread-0] DEBUG io.netty.buffer.PooledByteBufAllocator -- -Dio.netty.allocator.cacheTrimInterval: 8192
03:58:15.763 [vert.x-eventloop-thread-0] DEBUG io.netty.buffer.PooledByteBufAllocator -- -Dio.netty.allocator.cacheTrimIntervalMillis: 0
03:58:15.763 [vert.x-eventloop-thread-0] DEBUG io.netty.buffer.PooledByteBufAllocator -- -Dio.netty.allocator.useCacheForAllThreads: false
03:58:15.763 [vert.x-eventloop-thread-0] DEBUG io.netty.buffer.PooledByteBufAllocator -- -Dio.netty.allocator.maxCachedByteBuffersPerChunk: 1023
03:58:15.789 [vert.x-eventloop-thread-0] DEBUG io.netty.channel.DefaultChannelId -- -Dio.netty.processId: 31247 (auto-detected)
03:58:15.790 [vert.x-eventloop-thread-0] DEBUG io.netty.channel.DefaultChannelId -- -Dio.netty.machineId: 00:0d:3a:ff:fe:c9:63:7d (auto-detected)
03:58:15.804 [vert.x-eventloop-thread-0] DEBUG io.netty.buffer.ByteBufUtil -- -Dio.netty.allocator.type: pooled
03:58:15.805 [vert.x-eventloop-thread-0] DEBUG io.netty.buffer.ByteBufUtil -- -Dio.netty.threadLocalDirectBufferSize: 0
03:58:15.805 [vert.x-eventloop-thread-0] DEBUG io.netty.buffer.ByteBufUtil -- -Dio.netty.maxThreadLocalCharBufferSize: 16384
03:58:15.806 [vert.x-eventloop-thread-0] DEBUG io.netty.bootstrap.ChannelInitializerExtensions -- -Dio.netty.bootstrap.extensions: null
03:58:15.831 [vert.x-eventloop-thread-0] DEBUG io.micrometer.common.util.internal.logging.InternalLoggerFactory -- Using SLF4J as the default logging framework
Vert.x 데몬 서비스가 8080 포트에서 시작되었습니다.
03:58:16.200 [vert.x-eventloop-thread-0] DEBUG io.netty.util.Recycler -- -Dio.netty.recycler.maxCapacityPerThread: 4096
03:58:16.200 [vert.x-eventloop-thread-0] DEBUG io.netty.util.Recycler -- -Dio.netty.recycler.ratio: 8
03:58:16.200 [vert.x-eventloop-thread-0] DEBUG io.netty.util.Recycler -- -Dio.netty.recycler.chunkSize: 32
03:58:16.201 [vert.x-eventloop-thread-0] DEBUG io.netty.util.Recycler -- -Dio.netty.recycler.blocking: false
03:58:16.201 [vert.x-eventloop-thread-0] DEBUG io.netty.util.Recycler -- -Dio.netty.recycler.batchFastThreadLocalOnly: true
03:58:16.206 [vert.x-eventloop-thread-0] DEBUG io.netty.buffer.AbstractByteBuf -- -Dio.netty.buffer.checkAccessible: true
03:58:16.206 [vert.x-eventloop-thread-0] DEBUG io.netty.buffer.AbstractByteBuf -- -Dio.netty.buffer.checkBounds: true
03:58:16.207 [vert.x-eventloop-thread-0] DEBUG io.netty.util.ResourceLeakDetectorFactory -- Loaded default ResourceLeakDetector: io.netty.util.ResourceLeakDetector@7b32b445
03:58:16.244 [vert.x-eventloop-thread-0] DEBUG io.netty.handler.codec.compression.ZlibCodecFactory -- -Dio.netty.noJdkZlibDecoder: false
03:58:16.244 [vert.x-eventloop-thread-0] DEBUG io.netty.handler.codec.compression.ZlibCodecFactory -- -Dio.netty.noJdkZlibEncoder: false
